// Jest Snapshot v1, https://goo.gl/fbAQLP

exports[`<Text /> render h1 tag 1`] = `
<div>
  <h1
    class="sc-bcXHqe fjgEof"
  >
    Simple Text
  </h1>
</div>
`;
